node.exe : FAIL src/invent
ory/inventory.service.spec
.ts
At line:1 char:1
+ & "C:\Program 
Files\nodejs/node.exe" "C:
\Users\yoges\AppData\Roami
ng\ ...
+ ~~~~~~~~~~~~~~~~~~~~~~~~
~~~~~~~~~~~~~~~~~~~~~~~~~~
~~~~~~~~~~~~~~~~~~~
    + CategoryInfo        
      : NotSpecified: (F  
  AIL src/invent...serv   
 ice.spec.ts:String) [    
], RemoteException
    + FullyQualifiedError 
   Id : NativeCommandErr  
  or
 
  InventoryService
    ΓêÜ should be defined 
(7 ms)
    closeWorkOrder
      ΓêÜ should throw if 
user is not HQ (12 ms)
      ΓêÜ should throw if 
work order is already 
closed (2 ms)
      ΓêÜ should throw if 
source batch quantity is 
insufficient (1 ms)
      ΓêÜ should 
successfully close work 
order and create child 
batches (2 ms)
    generateQRCodes
      ├ù should return 
200 with message if 
requiresQr is false (2 ms)
      ├ù should throw 
DAILY_CAP_REACHED if 
limit exceeded (1 ms)
      ΓêÜ should generate 
QRs successfully (1 ms)

  ΓùÅ InventoryService 
ΓÇ║ generateQRCodes ΓÇ║ 
should return 200 with 
message if requiresQr is 
false

    expect(jest.fn()).not.
toHaveBeenCalled()

    Expected number of 
calls: 0
    Received number of 
calls: 1

    1: [Function 
anonymous]

    [0m [90m 153 |[39m 
      [36mconst[39m 
result [33m=[39m 
[36mawait[39m service[3
3m.[39mgenerateQRCodes([
32m'batch-1'[39m[33m,[3
9m { individualCount[33m:
[39m 
[35m10[39m[33m,[39m 
masterBoxCount[33m:[39m 
[35m0[39m }[33m,[39m 
mockUser)[33m;[39m
     [90m 154 |[39m     
  expect(result)[33m.[39
mtoEqual({ 
success[33m:[39m 
[36mtrue[39m[33m,[39m 
message[33m:[39m 
[32m'QR not required for 
this SKU'[39m 
})[33m;[39m
    
[31m[1m>[22m[39m[90m 
155 |[39m       expect(mo
ckPrisma[33m.[39m$transa
ction)[33m.[39mnot[33m.
[39mtoHaveBeenCalled()[3
3m;[39m
     [90m     |[39m     
                          
            
[31m[1m^[22m[39m
     [90m 156 |[39m     
})[33m;[39m
     [90m 157 |[39m
     [90m 158 |[39m     
it([32m'should throw 
DAILY_CAP_REACHED if 
limit 
exceeded'[39m[33m,[39m 
[36masync[39m () 
[33m=>[39m {[0m

      at 
Object.<anonymous> (invent
ory/inventory.service.spec
.ts:155:43)

  ΓùÅ InventoryService 
ΓÇ║ generateQRCodes ΓÇ║ 
should throw 
DAILY_CAP_REACHED if 
limit exceeded

    expect(received).toBeI
nstanceOf(expected)

    Expected constructor: 
InventoryException
    Received constructor: 
TypeError

    [0m [90m 173 |[39m 
        fail([32m'Should 
have thrown InventoryExcep
tion'[39m)[33m;[39m
     [90m 174 |[39m     
  } [36mcatch[39m 
(e[33m:[39m any) {
    
[31m[1m>[22m[39m[90m 
175 |[39m         expect(
e)[33m.[39mtoBeInstanceO
f([33mInventoryException
[39m)[33m;[39m
     [90m     |[39m     
              
[31m[1m^[22m[39m
     [90m 176 |[39m     
    expect(e[33m.[39mget
Response()[33m.[39merror
_code)[33m.[39mtoBe([32
m'DAILY_CAP_REACHED'[39m)
[33m;[39m
     [90m 177 |[39m     
  }
     [90m 178 |[39m     
})[33m;[39m[0m

      at 
Object.<anonymous> (invent
ory/inventory.service.spec
.ts:175:19)

Test Suites: 1 failed, 1 
total
Tests:       2 failed, 6 
passed, 8 total
Snapshots:   0 total
Time:        0.665 s, 
estimated 1 s
Ran all test suites 
matching src/inventory/inv
entory.service.spec.ts.
